// Jest Snapshot v1, https://goo.gl/fbAQLP

exports[`renders correctly 1`] = `
.c11 {
  border-bottom: 1px solid;
  padding-bottom: 2rem;
  margin-bottom: 1rem;
  -webkit-break-inside: avoid;
  break-inside: avoid;
}

.c11 h1 {
  margin: 0 0 0.5rem;
}

.c11 h2 {
  font-weight: normal;
  font-size: 1rem;
  margin: 0 0 0.5rem;
}

.c15 {
  background: #fff;
  border: 2px solid #e94e1b;
  color: #e94e1b;
  padding: 0.5rem 2rem;
  border-radius: 99px;
  margin: 1rem 0;
  -webkit-transition: 0.2s;
  transition: 0.2s;
  display: inline-block;
  -webkit-text-decoration: none;
  text-decoration: none;
}

.c15:hover {
  background: #e94e1b;
  color: #fff;
}

.c0 {
  width: 1140px;
  max-width: 94%;
  margin: 0 auto;
}

.c8 {
  background: transparent;
  border: none;
  margin-bottom: 1rem;
  opacity: 0.5;
}

.c8.active {
  opacity: 1;
  border-bottom: 2px solid;
}

.c1 {
  margin: 2rem 0;
}

.c6 {
  display: -webkit-box;
  display: -webkit-flex;
  display: -ms-flexbox;
  display: flex;
  -webkit-flex-direction: row;
  -ms-flex-direction: row;
  flex-direction: row;
  -webkit-flex-wrap: wrap;
  -ms-flex-wrap: wrap;
  flex-wrap: wrap;
}

.c6 main {
  width: 70%;
  min-width: 280px;
  -webkit-box-flex: 1;
  -webkit-flex-grow: 1;
  -ms-flex-positive: 1;
  flex-grow: 1;
}

.c6 aside {
  width: 30%;
  min-width: 280px;
}

.c6 aside ul {
  list-style: none;
  margin: 0;
  padding: 0;
}

.c6 aside ul li {
  margin-bottom: 0.5rem;
}

.c6 aside h2:first-of-type {
  margin: 0 0.5rem 1rem 0;
  display: inline-block;
  font-size: 1em;
}

.c9 {
  display: inline-block;
  padding: 0.25rem 0.5rem;
  margin: 0 0.5rem 0.5rem;
  border-radius: 99px;
  background: #333;
  color: #fff;
}

.c9.--technologies {
  background: #3e4153;
}

.c9.--frameworks {
  background: #1671cf;
}

.c9.--databases {
  background: #64cf16;
}

.c9.--cms {
  background: #e94e1b;
}

.c9.--design {
  background: #d03333;
}

.c2 {
  font-size: 3rem;
  margin: 0;
}

.c3 {
  font-size: 1.75rem;
  margin: 0;
}

.c4 {
  font-size: 1.2rem;
}

.c5 {
  font-size: 2.5rem;
}

.c12 {
  padding: 0 1rem;
  margin: 0;
  list-style: square;
}

.c13 {
  background: transparent;
  border: none;
  display: block;
  margin: 0 auto;
}

.c14 {
  text-align: center;
}

@media print {
  .c1 {
    border-bottom: 1pt solid #000;
    line-height: 1;
  }
}

@media print {
  .c9 {
    background: transparent;
    color: #000;
    border: 1px solid #000;
  }
}

@media print {
  .c2 {
    font-size: 22pt;
  }
}

@media print {
  .c3 {
    font-size: 16pt;
  }
}

@media print {
  .c4 {
    margin-top: 5pt;
    font-size: 11pt;
  }
}

@media print {
  .c5 {
    font-size: 22pt;
  }
}

@media print {
  .c10 {
    -webkit-column-count: 2;
    column-count: 2;
  }
}

@media print {
  .c7 {
    display: none;
  }
}

@media print {
  .c13 {
    display: none;
  }
}

<div
  class="c0"
>
  <section
    class="c1"
  >
    <h1
      class="c2"
      data-testid="headline"
    >
      Hey, I'm Chuckz Okoye
    </h1>
    <h2
      class="c3"
    >
      A Software Developer from Lagos, NG
    </h2>
    <p
      class="c4"
    >
      I'm a passionate software developer, I create websites and web apps using scalable tech. I am more of a back-end dev, still brushing up my designs skills. I love to keep updated with new and emerging technology, currently looking at the Blockchain and Cryptocurrency ecosystem.
    </p>
    <p
      class="c4"
    >
      I am 
      25
       years old and have been a software developer for about 5 years now. The technologies I work with are JavaScript, Python and PHP with a focus on the frameworks React.js, Gatsby, Django, Node and Laravel.
    </p>
    <p
      class="c4"
    >
      When not writing code you can find me playing games or hanging out, looking for the next best thing. I love to read fiction and non-fiction books, watch sci-fi movies and play games on my playstation console.
    </p>
  </section>
  <section
    class="c1"
  >
    <h2
      class="c5"
    >
      Skills
    </h2>
    <div
      class="c6"
    >
      <main>
        <div
          class="c7"
        >
          <div
            data-testid="filters"
          >
            Filter:
            <button
              class="c8"
              data-testid="filterTechnologies"
              name="technologies"
            >
              technologies
            </button>
            <button
              class="c8"
              data-testid="filterFrameworks"
              name="frameworks"
            >
              frameworks
            </button>
            <button
              class="c8"
              data-testid="filterDatabases"
              name="databases"
            >
              databases
            </button>
            <button
              class="c8"
              data-testid="filterCms"
              name="cms"
            >
              cms
            </button>
            <button
              class="c8"
              data-testid="filterVarious"
              name="various"
            >
              various
            </button>
            <button
              class="c8"
              data-testid="filterDesign"
              name="design"
            >
              design
            </button>
          </div>
        </div>
        <span
          class="c9 --technologies"
        >
          HTML5
        </span>
        <span
          class="c9 --technologies"
        >
          CSS
        </span>
        <span
          class="c9 --technologies"
        >
          Sass
        </span>
        <span
          class="c9 --technologies"
        >
          JavaScript
        </span>
        <span
          class="c9 --technologies"
        >
          TypeScript
        </span>
        <span
          class="c9 --technologies"
        >
          GraphQL
        </span>
        <span
          class="c9 --technologies"
        >
          ES6
        </span>
        <span
          class="c9 --technologies"
        >
          PHP
        </span>
        <span
          class="c9 --technologies"
        >
          Python
        </span>
        <span
          class="c9 --frameworks"
        >
          React
        </span>
        <span
          class="c9 --frameworks"
        >
          Angular2
        </span>
        <span
          class="c9 --frameworks"
        >
          Gatsby
        </span>
        <span
          class="c9 --frameworks"
        >
          Laravel
        </span>
        <span
          class="c9 --frameworks"
        >
          Django
        </span>
        <span
          class="c9 --frameworks"
        >
          Opencart
        </span>
        <span
          class="c9 --databases"
        >
          MySQL
        </span>
        <span
          class="c9 --databases"
        >
          MongoDB
        </span>
        <span
          class="c9 --databases"
        >
          PostGreSQL
        </span>
        <span
          class="c9 --cms"
        >
          WordPress
        </span>
        <span
          class="c9 --cms"
        >
          Contentful
        </span>
        <span
          class="c9 --various"
        >
          SEO
        </span>
        <span
          class="c9 --various"
        >
          Slack
        </span>
        <span
          class="c9 --various"
        >
          Agile
        </span>
        <span
          class="c9 --design"
        >
          Adobe Photoshop
        </span>
        <h2>
          Soft skills
        </h2>
        <span
          class="c9 --softskill"
        >
          Strong communication
        </span>
        <span
          class="c9 --softskill"
        >
          Leadership
        </span>
        <span
          class="c9 --softskill"
        >
          Problem solving
        </span>
        <span
          class="c9 --softskill"
        >
          Creative thinking
        </span>
        <span
          class="c9 --softskill"
        >
          Flexible and adaptive
        </span>
        <span
          class="c9 --softskill"
        >
          Team player
        </span>
        <span
          class="c9 --softskill"
        >
          Always on time
        </span>
      </main>
      <aside>
        <h2>
          Languages
        </h2>
        <ul>
          <li>
             English (bilingual)
          </li>
          <li>
             Igbo (bilingual)
          </li>
        </ul>
      </aside>
    </div>
  </section>
  <section
    class="c1"
  >
    <h2
      class="c5"
    >
      Work Experience
    </h2>
    <div
      class="c10"
      id="jobs-closed"
    >
      <article
        class="c11"
        data-testid="jobMiraTechnologies"
      >
        <h1>
          Software Developer
        </h1>
        <h2>
          <strong>
            <a
              href="https://www.miratechnologiesng.com/"
              rel="noopener noreferrer"
              target="_blank"
            >
              Mira Technologies
            </a>
          </strong>
           
          (in 
          Lagos, NG
          )
        </h2>
        <ul
          class="c12"
        >
          <li>
            Joined the team at Mira Technologies to help develop propriety applications for various clients
          </li>
          <li>
            Developed Obejor ecommerce application using Opencart Framework
          </li>
          <li>
            Wrote APIs for mobile integration on Obejor E-Commerce Application
          </li>
          <li>
            Developed website for Wintessgarden hotels
          </li>
        </ul>
        <small>
          10/2018
           to 
          1/2020
        </small>
      </article>
      <article
        class="c11"
        data-testid="jobKingsWayMedia"
      >
        <h1>
          Freelance Software Developer
        </h1>
        <h2>
          <strong>
            <a
              href="/"
              rel="noopener noreferrer"
              target="_blank"
            >
              KingsWay Media
            </a>
          </strong>
           
          (in 
          Lagos, NG
          )
        </h2>
        <ul
          class="c12"
        >
          <li>
            Freelancing Outfit
          </li>
          <li>
            Graphics Designs
          </li>
        </ul>
        <small>
          1/2020
           to 
          Present
        </small>
      </article>
    </div>
    <button
      class="c13"
    >
      Show more
    </button>
  </section>
  <section
    class="c1"
  >
    <div
      class="c14"
    >
      <p
        class="c4"
      >
        Recruiters, you can find my up-to-date CV as a PDF download by clicking the button below.
      </p>
      <a
        class="c15"
        download="Okoye_Emmanuel_CV.pdf"
        href="/docs/Okoye_Emmanuel_CV.pdf"
      >
        Download CV
      </a>
    </div>
  </section>
</div>
`;
